[greg.me/index.html]
[backblue.gif]
[fade.gif]
[index.html]
[greg.me/assets/images/greg.me-banner.png]
[greg.me/assets/images/favicon.ico]
[greg.me/assets/css/vendor/bootstrap.min.css]
[greg.me/assets/css/vendor/slick.css]
[greg.me/assets/css/vendor/slick-theme.css]
[greg.me/assets/css/vendor/aos.css]
[greg.me/assets/css/plugins/feature.css]
[greg.me/assets/css/style.css]
[greg.me/assets/images/logo/logo-dark-2.png]
[greg.me/assets/images/logo/logos-circle-2.png]
[greg.me/assets/images/slider/greg-paddleboarding.png]
[greg.me/assets/images/voices_of_promise-front_cover.png]
[greg.me/assets/images/voices_of_promise-back_cover.png]
[greg.me/assets/images/voices_of_promise-we-are-their-cradle-inlay-lyrics.png]
[greg.me/assets/images/case_study_1.png]
[greg.me/assets/images/case_study_2.png]
[greg.me/assets/images/cont_ml.png]
[greg.me/assets/images/logo/logo-vertical-dark-2.png]
[greg.me/assets/js/vendor/jquery.js]
[greg.me/assets/js/vendor/modernizer.min.js]
[greg.me/assets/js/vendor/feather.min.js]
[greg.me/assets/js/vendor/slick.min.js]
[greg.me/assets/js/vendor/bootstrap.js]
[greg.me/assets/js/vendor/text-type.js]
[greg.me/assets/js/vendor/wow.js]
[greg.me/assets/js/vendor/aos.js]
[greg.me/assets/js/vendor/particles.js]
[greg.me/assets/js/vendor/jquery-one-page-nav.js]
[greg.me/assets/js/main.js]
[static.getclicky.com/101375417.js]
[in.getclicky.com/101375417ns.gif]
[greg.me/index.html]
[greg.me/assets/css/vendor/bootstrap.min.css]
[greg.me/assets/css/vendor/slick.css]
[greg.me/assets/images/ajax-loader.gif]
[greg.me/assets/fonts/slick.eot]
[greg.me/assets/fonts/slickd41d.eot]
[greg.me/assets/fonts/slick.woff]
[greg.me/assets/fonts/slick.ttf]
[greg.me/assets/css/vendor/slick-theme.css]
[greg.me/assets/css/vendor/aos.css]
[greg.me/assets/fonts/slick.svg]
[greg.me/assets/fonts/Feather144f.ttf]
[greg.me/assets/fonts/Feather144f.woff]
[greg.me/assets/css/plugins/feature.css]
[greg.me/assets/fonts/Feather144f.svg]
[greg.me/assets/images/icons/arrow-icon.png]
[greg.me/assets/images/bg/bg-image-1.jpg]
[greg.me/assets/images/bg/bg-image-2.jpg]
[greg.me/assets/images/bg/bg-image-3.jpg]
[greg.me/assets/images/bg/bg-image-4.jpg]
[greg.me/assets/images/bg/bg-image-5.jpg]
[greg.me/assets/images/bg/bg-image-6.jpg]
[greg.me/assets/images/bg/bg-image-7.jpg]
[greg.me/assets/images/bg/bg-image-8.jpg]
[greg.me/assets/images/bg/bg-image-9.jpg]
[greg.me/assets/images/bg/bg-image-10.jpg]
[greg.me/assets/images/bg/bg-image-11.jpg]
[greg.me/assets/images/bg/bg-image-12.jpg]
[greg.me/assets/images/bg/bg-image-13.jpg]
[greg.me/assets/images/bg/bg-image-14.jpg]
[greg.me/assets/images/bg/bg-image-15.jpg]
[greg.me/assets/images/bg/bg-image-16.jpg]
[greg.me/assets/images/bg/bg-image-17.jpg]
[greg.me/assets/images/bg/bg-image-18.jpg]
[greg.me/assets/images/bg/bg-image-19.jpg]
[greg.me/assets/images/bg/bg-image-20.jpg]
[greg.me/assets/images/bg/bg-image-21.jpg]
[greg.me/assets/images/bg/bg-image-22.jpg]
[greg.me/assets/images/bg/bg-image-23.jpg]
[greg.me/assets/images/bg/bg-image-24.jpg]
[greg.me/assets/images/bg/bg-image-25.jpg]
[greg.me/assets/images/bg/bg-image-26.jpg]
[greg.me/assets/images/bg/bg-image-27.jpg]
[greg.me/assets/images/bg/bg-image-28.jpg]
[greg.me/assets/images/bg/bg-image-29.jpg]
[greg.me/assets/images/bg/bg-image-30.jpg]
[greg.me/assets/images/bg/bg-image-31.jpg]
[greg.me/assets/images/bg/bg-image-32.jpg]
[greg.me/assets/images/bg/bg-image-33.jpg]
[greg.me/assets/images/bg/bg-image-34.jpg]
[greg.me/assets/images/bg/bg-image-35.jpg]
[greg.me/assets/images/bg/bg-image-36.jpg]
[greg.me/assets/images/bg/bg-image-37.jpg]
[greg.me/assets/images/bg/bg-image-38.jpg]
[greg.me/assets/images/bg/bg-image-39.jpg]
[greg.me/assets/images/bg/bg-image-40.jpg]
[greg.me/assets/images/icons/quote2.png]
[greg.me/assets/images/icones/shape1.svg]
[greg.me/assets/images/icons/short-arrow-left.png]
[greg.me/assets/images/icons/short-arrow-right.png]
[greg.me/assets/images/icons/quote.png]
[greg.me/assets/css/style.css]
[greg.me/assets/fonts/slick.svg]
[greg.me/assets/fonts/Feather144f.svg]
[greg.me/assets/images/icons/arrow-icon.html]
[greg.me/assets/images/bg/bg-image-14.html]
[greg.me/assets/images/bg/bg-image-15.html]
[greg.me/assets/images/bg/bg-image-16.html]
[greg.me/assets/images/bg/bg-image-17.html]
[greg.me/assets/images/bg/bg-image-18.html]
[greg.me/assets/images/bg/bg-image-19.html]
[greg.me/assets/images/bg/bg-image-20.html]
[greg.me/assets/images/bg/bg-image-21.html]
[greg.me/assets/images/bg/bg-image-22.html]
[greg.me/assets/images/bg/bg-image-23.html]
[greg.me/assets/images/bg/bg-image-24.html]
[greg.me/assets/images/bg/bg-image-25.html]
[greg.me/assets/images/bg/bg-image-26.html]
[greg.me/assets/images/bg/bg-image-27.html]
[greg.me/assets/images/bg/bg-image-28.html]
[greg.me/assets/images/bg/bg-image-29.html]
[greg.me/assets/images/bg/bg-image-30.html]
[greg.me/assets/images/bg/bg-image-31.html]
[greg.me/assets/images/bg/bg-image-32.html]
[greg.me/assets/images/bg/bg-image-33.html]
[greg.me/assets/images/bg/bg-image-34.html]
[greg.me/assets/images/bg/bg-image-35.html]
[greg.me/assets/images/bg/bg-image-36.html]
[greg.me/assets/images/bg/bg-image-37.html]
[greg.me/assets/images/bg/bg-image-38.html]
[greg.me/assets/images/bg/bg-image-39.html]
[greg.me/assets/images/bg/bg-image-40.html]
[greg.me/assets/images/icones/shape1.svg]
[greg.me/assets/images/voices_of_promise-sir-george-martin-inlay.png]
